// Jest Snapshot v1, https://goo.gl/fbAQLP

exports[`<CreateArticlePage /> should render the component 1`] = `
<Connect(DeleteArticlePage)
  article={[MockFunction]}
  articleId={1}
  store={
    Object {
      "clearActions": [Function],
      "dispatch": [Function],
      "getActions": [Function],
      "getState": [Function],
      "replaceReducer": [Function],
      "subscribe": [Function],
    }
  }
>
  <DeleteArticlePage
    article={[MockFunction]}
    articleDelete={[Function]}
    articleId={1}
    deleteArticleReducer={
      Object {
        "articleDelete": Object {
          "message": "Article deleted succesfully",
        },
      }
    }
    store={
      Object {
        "clearActions": [Function],
        "dispatch": [Function],
        "getActions": [Function],
        "getState": [Function],
        "replaceReducer": [Function],
        "subscribe": [Function],
      }
    }
    storeSubscription={
      Subscription {
        "listeners": Object {
          "clear": [Function],
          "get": [Function],
          "notify": [Function],
          "subscribe": [Function],
        },
        "onStateChange": [Function],
        "parentSub": undefined,
        "store": Object {
          "clearActions": [Function],
          "dispatch": [Function],
          "getActions": [Function],
          "getState": [Function],
          "replaceReducer": [Function],
          "subscribe": [Function],
        },
        "unsubscribe": [Function],
      }
    }
  >
    <div>
      <DeleteArticle
        onClick={[Function]}
      >
        <div>
          <button
            className="btn btn-danger"
            onClick={[Function]}
            type="submit"
          >
            DELETE ARTICLE
          </button>
        </div>
      </DeleteArticle>
    </div>
  </DeleteArticlePage>
</Connect(DeleteArticlePage)>
`;
