// Jest Snapshot v1, https://goo.gl/fbAQLP

exports[`<Article /> should not show article sections if there is no title 1`] = `""`;

exports[`<Article /> should render correctly 1`] = `
<div
  className="full-article"
>
  <div
    className="article-title"
  >
    <h1>
      title sample
    </h1>
    <p
      className="text-white"
    >
      desc
    </p>
  </div>
  <div
    className="container"
  >
    <div
      className="article-image text-center"
    >
      <img
        alt="poster"
        src="http://test.png"
      />
    </div>
    <div
      className="article-small-details"
    >
      <span
        key="author"
      >
        <FontAwesomeIcon
          border={false}
          className=""
          fixedWidth={false}
          flip={null}
          icon="user"
          inverse={false}
          listItem={false}
          mask={null}
          pull={null}
          pulse={false}
          rotation={null}
          size={null}
          spin={false}
          symbol={false}
          title=""
          transform={null}
        />
        <div
          className="author"
        >
          janedoe
        </div>
      </span>
      <span
        key="readtime"
      >
        <FontAwesomeIcon
          border={false}
          className=""
          fixedWidth={false}
          flip={null}
          icon="clock"
          inverse={false}
          listItem={false}
          mask={null}
          pull={null}
          pulse={false}
          rotation={null}
          size={null}
          spin={false}
          symbol={false}
          title=""
          transform={null}
        />
        <div
          className="readtime"
        >
          0 min min read
        </div>
      </span>
      <span
        key="created-at"
      >
        <FontAwesomeIcon
          border={false}
          className=""
          fixedWidth={false}
          flip={null}
          icon="calendar"
          inverse={false}
          listItem={false}
          mask={null}
          pull={null}
          pulse={false}
          rotation={null}
          size={null}
          spin={false}
          symbol={false}
          title=""
          transform={null}
        />
        <div
          className="created-at"
        >
          Created: 12-12-2018
        </div>
      </span>
      <span
        key="updated-at"
      >
        <FontAwesomeIcon
          border={false}
          className=""
          fixedWidth={false}
          flip={null}
          icon="calendar"
          inverse={false}
          listItem={false}
          mask={null}
          pull={null}
          pulse={false}
          rotation={null}
          size={null}
          spin={false}
          symbol={false}
          title=""
          transform={null}
        />
        <div
          className="updated-at"
        >
          Updated: 12-12-2018
        </div>
      </span>
    </div>
    <div
      className="article-taglist"
    >
      <span
        key="tag"
      >
        tag
      </span>
    </div>
    <div
      className="article-body text-justify"
    >
      <div
        className="dots text-center large"
      >
         ... 
      </div>
      body
    </div>
    <div
      className="article-stats"
    >
      <LikeDislike
        dislikes={2}
        likes={12}
        onLikeDislike={[MockFunction]}
      />
      <Connect(DeleteArticlePage)
        articleId={1}
      />
      <div
        className="article-views"
      >
        <FontAwesomeIcon
          border={false}
          className=""
          fixedWidth={false}
          flip={null}
          icon="eye"
          inverse={false}
          listItem={false}
          mask={null}
          pull={null}
          pulse={false}
          rotation={null}
          size={null}
          spin={false}
          symbol={false}
          title=""
          transform={null}
        />
        <span
          className="pl-2"
        >
          # Views
        </span>
      </div>
    </div>
  </div>
</div>
`;
