// Jest Snapshot v1, https://goo.gl/fbAQLP

exports[`<NewPassword /> renders the component 1`] = `
<div
  className="col-sm-4 offset-4 text-center reset-cont"
>
  <br />
  <h3
    className="col-sm-8 offset-2"
  >
    Reset Password For Authors Haven
  </h3>
  <br />
  <div>
    <form>
      <div>
        <input
          className="col-sm-10 form-control offset-1"
          id="newpassword"
          placeholder="Enter new password"
          type="password"
        />
        <br />
        <input
          className="col-sm-10 form-control offset-1"
          id="confpassword"
          placeholder="Confirm password"
          type="password"
        />
      </div>
      <br />
      <div>
        <button
          className="btn col-sm-4 btn-dark"
          type="submit"
        >
          Submit
        </button>
      </div>
    </form>
    <br />
  </div>
</div>
`;
