// Jest Snapshot v1, https://goo.gl/fbAQLP

exports[`Provider and App renders <Provider/> correctly 1`] = `<App />`;

exports[`Provider and App renders <Provider/> correctly 2`] = `
<BrowserRouter>
  <withRouter(Header) />
  <Switch>
    <Route
      component={[Function]}
      exact={true}
      path="/"
    />
    <Route
      component={[Function]}
      path="/login"
    />
    <Route
      component={[Function]}
      path="/signup"
    />
    <Route
      component={[Function]}
      path="/articles"
    />
    <Route
      component={[Function]}
      path="/article/:articleId"
    />
    <Route
      component={[Function]}
      path="/profile"
    />
    <Route
      component={[Function]}
      path="/profiles/edit"
    />
    <Route
      component={[Function]}
      path="/createArticle"
    />
  </Switch>
  <Footer />
</BrowserRouter>
`;
