// Jest Snapshot v1, https://goo.gl/fbAQLP

exports[`Provider and App renders <App/> correctly 1`] = `
<BrowserRouter>
  <Header />
  <Switch>
    <Route
      component={[Function]}
      exact={true}
      path="/"
    />
    <Route
      component={[Function]}
      path="/login"
    />
    <Route
      component={[Function]}
      path="/signup"
    />
    <Route
      component={[Function]}
      path="/articles"
    />
    <Route
      component={[Function]}
      path="/article/:articleId"
    />
  </Switch>
  <Connect(Footer) />
</BrowserRouter>
`;

exports[`Provider and App renders <Provider/> correctly 1`] = `<App />`;
