// Jest Snapshot v1, https://goo.gl/fbAQLP

exports[`<CreateArticle />  renders the component 1`] = `
<div>
  <br />
  <h3
    className="text-center createArticleTitle"
  >
    Create Your Article
  </h3>
  <hr
    className="col-sm-8 "
  />
  <br />
  <div
    className="col-sm-10 offset-2 artcileCreate"
  >
    <form
      className="create-article-form"
      onSubmit={[MockFunction]}
    >
      <h5>
        Title: 
      </h5>
      <small>
        Title must be 130 characters maximum and 5 characters minimum
      </small>
      <div
        className="form-group"
      >
        <textarea
          className="form-control"
          id="titleInput"
          maxLength="130"
          minLength="5"
          name="title"
          onChange={[MockFunction]}
          required={true}
          rows="3"
        />
      </div>
      <h5>
        Description
      </h5>
      <small>
        Title must be 150 characters maximum and 100 characters minimum
      </small>
      <div
        className="form-group"
      >
        <textarea
          className="form-control"
          id="descriptionInput"
          maxLength="120"
          minLength="100"
          name="description"
          onChange={[MockFunction]}
          required={true}
          rows="3"
        />
      </div>
      <h5>
        Tag list
      </h5>
      <div
        className="form-group"
      >
        <textarea
          className="form-control"
          id="tag_listInput"
          name="tag_list"
          onChange={[MockFunction]}
          required={true}
          rows="3"
        />
      </div>
      <br />
      <h5>
        Upload Image
      </h5>
      <div
        className="col-lg-8 mt-2"
      >
        <input
          className="image"
          name="image_url"
          onClick={[MockFunction]}
          type="file"
        />
      </div>
      <br />
      <h5>
        Body
      </h5>
      <div
        className="form-group"
      >
        <textarea
          className="form-control"
          id="bodyInput"
          name="body"
          onChange={[MockFunction]}
          required={true}
          rows="3"
        />
      </div>
      <div
        className="signin-createArticleBt"
      >
        <button
          className="btn btn-primary"
          id="createArticleBt"
          name="createArticleBt"
          type="submit"
        >
          Publish Article
        </button>
      </div>
    </form>
  </div>
</div>
`;
